$ <REPO>/.tools/elan/toolchains/leanprover--lean4---v4.32.2/bin/lake env lean -DwarningAsError=true Audit/EndpointCountingReduction.lean
Erdos647Sieve.Endpoint.amplified_momentBound_eq (X : ℕ) :
  rexp (amplificationExponent X) * momentBound X (windowLength X) (primeCutoff X) (1 - momentT X) (truncationOrder X) =
    ↑X * rexp (amplificationExponent X - endpointMu X) +
        ↑X *
          (rexp (amplificationExponent X) *
            (endpointMu X ^ (truncationOrder X + 1) / ↑(truncationOrder X + 1).factorial)) +
      rexp (amplificationExponent X) * (↑(windowLength X) * primeCutoff X) ^ truncationOrder X
'Erdos647Sieve.Endpoint.amplified_momentBound_eq' depends on axioms: [propext, Classical.choice, Quot.sound]
Erdos647Sieve.Endpoint.eventually_candidateCount_le_four_contributions :
  ∀ᶠ (X : ℕ) in atTop,
    0 ≤ correctedBudget (windowLength X) →
      ↑(candidateCount X) ≤
        ↑(windowLength X) + ↑X * rexp (-(1499 / 1000000) * (↑(windowLength X) / log (log ↑X))) +
            ↑X * rexp (-↑(windowLength X) / 30) +
          rexp (log ↑X / 2)
'Erdos647Sieve.Endpoint.eventually_candidateCount_le_four_contributions' depends on axioms: [propext,
 Classical.choice,
 Quot.sound]
Erdos647Sieve.Endpoint.eventually_candidateCount_le_of_negative_budget :
  ∀ᶠ (X : ℕ) in atTop, correctedBudget (windowLength X) < 0 → ↑(candidateCount X) ≤ rexp (log ↑X / 2)
'Erdos647Sieve.Endpoint.eventually_candidateCount_le_of_negative_budget' depends on axioms: [propext,
 Classical.choice,
 Quot.sound]
Erdos647Sieve.Endpoint.eventually_candidateCount_le_amplified_errors :
  ∀ᶠ (X : ℕ) in atTop,
    ↑(candidateCount X) ≤
      ↑X * rexp (-(1499 / 1000000) * (↑(windowLength X) / log (log ↑X))) + ↑X * rexp (-↑(windowLength X) / 30) +
        2 * rexp (log ↑X / 2)
'Erdos647Sieve.Endpoint.eventually_candidateCount_le_amplified_errors' depends on axioms: [propext,
 Classical.choice,
 Quot.sound]

EXIT_CODE=0
